
> @nxttrack/platform@0.0.0 test:unit <worktree>
> tsx --test tests/unit/*.test.ts tests/unit/*.test.mjs

▶ privacy-first lead attribution
  ✔ recognizes GA4 measurement IDs without accepting arbitrary script input (0.695893ms)
  ✔ derives useful acquisition channels from campaign and referrer context (0.376941ms)
  ✔ drops obvious personal data and stores no raw advertising click ID (1.233156ms)
  ✔ normalizes referrer hosts and rejects unsafe landing paths (3.286151ms)
  ✔ reports real lead sources, campaigns and conversion while excluding Journey Bot data (4.312144ms)
✔ privacy-first lead attribution (18.227788ms)
▶ invitation tenant targeting
  ✔ never inherits an active tenant inside the platform shell (0.536943ms)
  ✔ keeps an explicit target so role and tenant validation can reject mismatches (0.120483ms)
  ✔ inherits the active tenant for an organization-admin invitation (0.078799ms)
✔ invitation tenant targeting (1.514491ms)
✔ catalog contains exactly the ten approved, explainable recipes (1.379567ms)
✔ settings are bounded and invalid values fall back to recipe defaults (0.213993ms)
✔ recipe decision blocks Journey Bot and test data even when the signal is strong (0.401156ms)
✔ recipe decision remains explainable and clamps confidence (0.125629ms)
✔ empty evaluation is skipped with a stable, explainable reason (0.371953ms)
✔ safe recipe execution only prepares a human review task (0.230799ms)
✔ only catalog keys can be parsed from form input (0.116547ms)
✔ automation configuration is owner/admin-only, including legacy rules (21.760482ms)
✔ database constraints enforce review-only execution and block live test data (12.199798ms)
✔ catalog seeds exactly the approved recipes with internal review actions (1.557527ms)
✔ tenant configuration and run audit tables have forced RLS (3.568259ms)
✔ runner only persists simulations, audit runs and internal review tasks (3.39801ms)
✔ webmatrix belooft nooit providerpublicatie of onbetrouwbare media-attachments (1.213196ms)
✔ tekst-intents encoden badgecopy zonder een publiek kindprofiel te vereisen (0.465774ms)
✔ bestandsnamen zijn lokaal, begrensd en PNG (0.384893ms)
✔ share-renderer volgt laagvolgorde, shortcodes, artwork en veilige SVG-output (2.384007ms)
✔ share-renderer levert een echte PNG-data-URL (60.15473ms)
✔ gendergerichte badgecopy heeft altijd een neutrale fallback (1.71853ms)
✔ audiencefilter sluit onbekend geslacht uit van gendergebonden varianten (0.342448ms)
✔ shortcodes gebruiken uitsluitend de voornaam en gendergerichte badgecopy (0.466475ms)
✔ triggerselectie is uitlegbaar op type, drempel, skill, stage en diploma (0.967212ms)
✔ awardkeys zijn stabiel en begrensd voor idempotente toekenning (0.196919ms)
✔ template-editor accepteert alleen bekende, begrensde lagen (0.751077ms)
✔ laagvolgorde kan veilig stapsgewijs en via drag-and-drop worden aangepast (0.497163ms)
✔ editor bewaart spaties en regeleinden tijdens tekstbewerking (0.176778ms)
✔ engine verstuurt niets extern buiten de bestaande notificatielaag (1.028926ms)
✔ gender wordt nergens als plaatsings- of betaalcriterium gebruikt (0.570614ms)
✔ premium badgemodel bevat canon, instellingen, collecties, editor en analytics (1.341349ms)
✔ tenanttabellen zijn tenant-aware en platformtabellen hebben expliciete platformpolicies (0.370031ms)
✔ awards zijn idempotent, approval-safe en kunnen niet hard worden verwijderd (0.217569ms)
✔ gender is presentation-only met neutrale defaults en audience checks (0.116256ms)
✔ canonieke seed bevat alle gevraagde kernmijlpalen en collecties (0.695461ms)
✔ shareformats zijn laag-gebaseerd, versieerbaar en privacyveilig voorbereid (0.178259ms)
✔ studio-afbeeldingen zijn privé, gescand, begrensd en RLS-beveiligd (0.540738ms)
✔ studio-afbeeldingen vallen onder de objectbackup en herstelrehearsal (0.128665ms)
✔ badge-artwork heeft een volledige snapshot- en renderketen (0.950327ms)
✔ template-editor ondersteunt echte laagbewerking en conflictveilig opslaan (0.414858ms)
▶ Mollie credential contract
  ✔ accepts only a credential matching the configured mode (0.935766ms)
✔ Mollie credential contract (1.670308ms)
▶ Mollie recurring identifiers and account masking
  ✔ accepts only provider-shaped customer and mandate ids (7.465384ms)
  ✔ stores only a validated account suffix (0.288186ms)
  ✔ normalizes refund statuses and exact decimal amounts (0.285763ms)
  ✔ keeps recurring collection behind consent, pre-notification and an explicit feature switch (0.398743ms)
  ✔ keeps automated execution and retries behind independent safety controls (0.202455ms)
  ✔ activates mandates and records recurring failures only from verified webhooks (0.15915ms)
✔ Mollie recurring identifiers and account masking (9.19405ms)
▶ checkout idempotency contract
  ✔ accepts UUID v4 keys and rejects arbitrary values (0.340055ms)
  ✔ reuses a key only for the exact payment, provider, amount and currency (0.166963ms)
  ✔ keeps unfinished provider types inactive (0.828313ms)
✔ checkout idempotency contract (1.59349ms)
▶ classic Mollie webhook contract
  ✔ reads a form-urlencoded payment id (48.838389ms)
  ✔ rejects unsupported content types (0.759119ms)
  ✔ rejects a chunked body that exceeds the actual byte limit (4.264251ms)
  ✔ returns bounded operational reason codes without provider details (3.248434ms)
✔ classic Mollie webhook contract (57.368846ms)
▶ provider-verified payment state
  ✔ normalizes every classic payment status (0.118789ms)
  ✔ accepts exact metadata, currency and decimal amount (0.170228ms)
  ✔ rejects mismatched metadata and imprecise amounts (0.109125ms)
✔ provider-verified payment state (0.482058ms)
▶ parent checkout link contract
  ✔ allows only active HTTPS Mollie links (0.151759ms)
  ✔ requires the configured application origin for provider returns (0.154974ms)
✔ parent checkout link contract (0.359524ms)
✔ 21%-btw wordt uit een consumentenprijs inclusief btw gehaald (1.462693ms)
✔ alleen een gehashte, gefinaliseerde documentstate geldt als definitief (0.262377ms)
✔ facturen en creditnota's zijn server-side, genummerd en immutable (0.409099ms)
✔ de factuurmigratie behoudt alle bestaande billing-eventtypen (1.387108ms)
✔ tijdelijk aanbod gebruikt holds, fysieke capaciteit en providerbetaling zonder automatische plaatsing (0.508209ms)
✔ Amsterdam business date crosses UTC midnight correctly in CET and CEST (0.903047ms)
✔ Amsterdam business date is stable on the 2026 DST transition days (0.210207ms)
✔ calendar-day offsets do not inherit 23-hour or 25-hour DST arithmetic (0.490292ms)
✔ dependency certification fails on moderate production advisories and pins fixed Tiptap packages (2.385749ms)
✔ canonical deploy enters verified maintenance containment before any migration (0.481327ms)
✔ preview rollback target has an ancestry-checked immutable release identity (3.29815ms)
✔ exact-SHA maintenance previews execute a read-only browser smoke (0.283359ms)
✔ logical restore binds the source to exact repository migration lineage (1.666931ms)
✔ Storage restore is explicitly bound and keeps historical manifest validation version-aware (4.789576ms)
✔ import-created Auth identities have additive corrective database controls (3.079839ms)
✔ maakt een bericht korter zonder beschermde feiten te wijzigen (22.683288ms)
✔ is deterministisch en idempotent (1.430945ms)
✔ voegt alleen een neutrale warme omlijsting toe (0.660068ms)
✔ weigert restricted en gevoelige inhoud te herschrijven (0.39604ms)
✔ weigert automatische wijzigingen aan nadelige communicatie (0.317401ms)
✔ blokkeert een handmatige wijziging van beschermd feit of ontkenning (0.523644ms)
✔ waarschuwt dat ouders bij een intern brede doelgroep worden uitgesloten (0.272412ms)
✔ verlaagt de classificatie van een voorstel nooit (0.19196ms)
✔ sluit ouders uit van interne berichten voor iedereen (3.129976ms)
✔ vereist de afzonderlijke menselijke bevestiging voor publiceren (0.475219ms)
✔ weigert een gepubliceerd ouderbericht dat ouders niet kunnen openen (1.840305ms)
✔ shortcodes gebruiken een vaste allowlist en renderen alleen bekende waarden (1.512378ms)
✔ onbekende en ontbrekende shortcodes blokkeren rendering (0.395899ms)
✔ HTML sanitizer verwijdert actieve inhoud, attributen en onveilige links (3.603872ms)
✔ plain-text extractie bewaart leesbare paragrafen en verwijdert scripts (0.371251ms)
✔ segmenten geven een begrijpelijke en privacybewuste samenvatting (5.721767ms)
✔ delivery gating vereist exact ingeschakelde e-mail en passende toestemming (0.292262ms)
✔ menselijke bevestiging accepteert uitsluitend de afgesproken waarde (0.11242ms)
✔ bestaande classificatie blokkeert gevoelige externe communicatie (1.082347ms)
✔ hubacties maken alleen in-app evidence en doen geen externe provider-call (0.457322ms)
✔ gespreksacties valideren ouder-kindrelaties en trekken oude toegang in (0.307817ms)
✔ alle geconfigureerde nieuwsbriefsegmenten hebben een veilige resolver (0.405694ms)
✔ rijke inhoud is niet leeg en nieuwsbriefshortcodes gebruiken dezelfde allowlist (0.219383ms)
✔ communication hub reuses existing notification and announcement records (0.900002ms)
✔ all new communication tables are tenant scoped and force RLS (0.406445ms)
✔ parent access cannot expose internal notes (0.349139ms)
✔ thread RLS requires an active tenant membership for direct assignees (0.161474ms)
✔ instructor parent communication defaults are assigned-only and read-only (0.113282ms)
✔ newsletters require explicit consent and human confirmation (0.197659ms)
✔ external delivery is evidence-only and cannot be marked complete without confirmation (0.127112ms)
✔ journey test data has explicit lineage and cannot masquerade as real communication (0.238802ms)
✔ the canonical semantic port is a real compatible ancestor (33.413272ms)
✔ the old main baseline and missing commits cannot be release or rollback targets (33.125506ms)
✔ an unrelated schema floor cannot borrow this semantic port (23.110285ms)
✔ branch names and abbreviated SHAs are not immutable compatibility identifiers (0.304871ms)
✔ classificeert gewone operationele inhoud zonder persoonsgegevens (7.875225ms)
✔ verhoogt classificatie voor persoonsgegevens en gezondheidsinformatie (0.265001ms)
✔ herkent strikt beperkte waarden en bewaart geen inhoud in redenen (0.113271ms)
✔ normaliseert importcellen en weigert binaire of buitensporige inhoud (0.417222ms)
✔ core onboarding migration is additive and keeps PII out of the operation ledger (19.728728ms)
✔ participant graph owns participant, guardian, enrollment and audit in one RPC (7.610224ms)
✔ intake submission, answers, duplicate classification and audit share one RPC (3.075723ms)
✔ placement locks, recalculates every capacity source and has a narrow live invariant (2.045975ms)
✔ all atomic write RPCs are fixed-path service-only boundaries (3.536381ms)
✔ server actions no longer perform split core writes or preflight capacity reads (2.620836ms)
✔ CRM duplicate detection is explainable and keeps the oldest lead canonical (1.459187ms)
✔ CRM duplicate detection never combines live and Journey Bot identities (0.630834ms)
✔ CRM SLA distinguishes on-track, due-soon, overdue and closed stages (0.199742ms)
✔ CRM stage progress never rewards a lost outcome (0.221155ms)
✔ premium CRM tables are tenant scoped and forced through RLS (1.206145ms)
✔ duplicate merge is service-only, non-destructive and reversible (0.387097ms)
✔ CRM mutations require service role and preserve human decision boundaries (0.319384ms)
✔ CRM merge foreign key uses valid PostgreSQL delete syntax (0.313435ms)
✔ signaleert de afgesproken datakwaliteitsrisico's uitlegbaar en zonder bronmutaties (12.958625ms)
✔ laat complete, geldige tenantdata ongemoeid (3.012107ms)
✔ resolves the Amsterdam calendar date around UTC midnight (37.386574ms)
✔ keeps date-only arithmetic deterministic (0.453656ms)
✔ converts local lesson times with summer and winter offsets (1.003699ms)
✔ builds the requested weekday in the current and next week (0.479474ms)
✔ central email kill switch is fail-closed and accepts only literal true (1.834835ms)
✔ timeouts, network failures, 429 and 5xx retry while permanent 4xx does not (1.3219ms)
✔ retry backoff is deterministic and bounded (0.318513ms)
✔ durable payload parser rejects poison, oversized fields and header injection (0.823647ms)
✔ outbox schema enforces durable dedupe, atomic claims, leases, retries and terminal state (31.070138ms)
✔ every outbox RPC is fixed-search-path, invoker-rights and service-only (7.108615ms)
✔ central transport gates before provider configuration and records acceptance, never delivery (3.789784ms)
✔ worker always claims atomically and completes with accepted, retry or dead (8.452078ms)
✔ recovery ranks explainable, blocker-free candidates and predicts 24h fill (3.659967ms)
✔ FIFO remains a blocker and is never silently overridden by a high score (0.255315ms)
✔ Journey Bot candidates never enter live recovery advice (0.120853ms)
✔ no snapshot is produced without real capacity or for a past lesson (1.614542ms)
✔ empty-seat recovery tables are tenant scoped and forced through RLS (0.709603ms)
✔ recovery schema contains no automatic offer, booking or message mutation (0.150809ms)
✔ logical restore derives its table inventory from source and restored dumps (3.532233ms)
✔ Storage evidence covers the complete current five-bucket contract (26.188771ms)
✔ critical release and tenant-isolation suites fail configuration instead of skipping (5.986308ms)
✔ release evidence requires and retains the exact checked-out SHA (2.918215ms)
✔ new intelligence tables are tenant scoped, forced through RLS and service writable (2.200058ms)
✔ Journey data stays marked and operational task creation can identify test records (0.308587ms)
✔ make-up booking and decisions are service-only, locked and explicitly confirmed (3.705546ms)
✔ reserved make-up credits are consumed only after attendance evidence (0.123607ms)
✔ campaign conversion requires immutable source and relational placement lineage (0.134133ms)
✔ family planner prefers same-day, same-location combinations and exposes waiting time (5.398608ms)
✔ family planner never hides a FIFO override (3.106199ms)
✔ make-up matching subtracts cancellations and requires exact program and stage (4.023998ms)
✔ lead score is explainable and contains no acquisition or free-text source (0.389529ms)
✔ CRM produces reviewable drafts and preserves Journey markers without sending (23.773358ms)
✔ campaign revenue requires lineage, excludes test and duplicate rows, and nets refunds (2.738533ms)
✔ replacement assistant ranks qualified, available and conflict-free instructors (1.456764ms)
✔ qualification, availability and workload are hard blockers (0.339864ms)
✔ cross-location travel buffer prevents unsafe back-to-back replacement (0.253153ms)
✔ replacement foundation is tenant scoped and forced through RLS (7.142966ms)
✔ replacement requests preserve the human confirmation boundary (0.417262ms)
✔ rankt een exact voorkeursmoment boven een alternatief met kortere wachttijd (2.883333ms)
✔ geeft drie keuzes en markeert zinvolle alternatieven wanneer de exacte selectie beperkt is (0.234415ms)
✔ leidt dagdelen stabiel af uit de starttijd (0.208716ms)
✔ modelleert de A-, B- en C-diplomaketen op de juiste niveaus (5.158905ms)
✔ simuleert per snelheidsprofiel acht tot twaalf lessen per niveau (1.856389ms)
✔ staat uitsluitend staging toe zonder override (1.594341ms)
✔ berekent de vierde verjaardag als eerste plaatsingsdag (0.697014ms)
✔ houdt alleen plaatsbare kinderen over en sorteert FIFO (4.320256ms)
✔ plant binnen de ingestelde intervalgrenzen (0.347598ms)
✔ actieve vensters gebruiken Amsterdam-tijd en ondersteunen een nachtvenster (4.562483ms)
✔ stress mix kiest alleen uitvoerbare scenario's (1.352416ms)
✔ stress mix volgt exact 70/10/10/5/5 over iedere cyclus van twintig (3.376969ms)
✔ run allowance respecteert per-run, dag-, actief- en totale stoplimieten (0.478113ms)
✔ config stopt exact op eindtijd of journeybudget (1.127655ms)
✔ verwachte blockers houden een run gezond, technische fouten niet (0.219724ms)
✔ ticksummary maakt technische child-fouten releasezichtbaar (2.744011ms)
✔ tick evaluator accepteert gezonde runs en verwachte blockers (120.436733ms)
✔ tick evaluator blokkeert verborgen technische child-fouten (145.202731ms)
✔ tick evaluator weigert onvolledige of niet-staging responses (120.472928ms)
✔ vijfpuntscontract accepteert uitsluitend gehele waarden 1–5 (9.50485ms)
✔ legacyconversie bewaart bronwaarde en de genormaliseerde ankers 0/0,5/1 (0.333133ms)
✔ alle bekende assessmentwriters leggen de vijfpuntsschaal expliciet vast (45.059963ms)
✔ capacity forecast keeps no-shows outside expected openings and explains every component (2.447833ms)
✔ capacity forecast distinguishes healthy availability from an operational blocker (0.514228ms)
✔ capacity forecast publishes deterministic date bands, scenarios and soft holds (0.740802ms)
✔ forecast never invents a date when history and dated openings are absent (0.241055ms)
✔ attendance detection is neutral, explainable and never auto-decides (1.62569ms)
✔ a future or still-running session never becomes a missing check-in signal (0.184619ms)
✔ progress bottlenecks require a sufficient participant sample (0.631827ms)
✔ diploma readiness exposes uncertainty and requires a human recommendation (1.442983ms)
✔ diploma readiness only reaches admin review with stable evidence and human confirmation (0.781852ms)
✔ lesson focus is deterministic, positive, privacy-safe and capped at three (2.051995ms)
✔ learning intelligence tables are tenant scoped and force RLS (0.870197ms)
✔ assessment history is append-only and automatically captures score changes (0.953562ms)
✔ lesson focus is capped, human treated and Journey-safe (0.180863ms)
✔ contact drafts cannot send and stay participant scoped (0.174214ms)
✔ NBA constraint accepts the new advisory intelligence types (0.233524ms)
✔ lesson plan assistant creates bounded explainable plans from positive focus cards (26.677661ms)
✔ lesson plan assistant degrades safely without observations (7.187985ms)
✔ lesson plans are immutable, tenant-scoped and protected by assignment-aware RLS (1.072272ms)
✔ generation, approval and evaluation keep consequential actions human-owned (0.315626ms)
✔ native assessments behouden integer 1–5, null-semantiek en actor-gebonden idempotency (6.315806ms)
✔ clientrollen kunnen geen mutatie van de andere app smokkelen (0.579656ms)
✔ native ouderflows begrenzen media consent en feedback expliciet (0.644944ms)
✔ offline observaties hebben een begrensd tijdvenster en correcties eisen een reden (0.47609ms)
✔ native SQL-commands hercontroleren actor, rechten, ownership en idempotency (1.121176ms)
✔ newsletter delivery is default-off and an env flag cannot invent a sender (1.229399ms)
✔ newsletter server action rejects non-draft state before recipient preparation (5.184594ms)
✔ newsletter UI exposes concept-only authoring and no schedule control (0.372294ms)
✔ detects every required action type with reasons and safe source links (12.100799ms)
✔ recommends an extra lesson only when all five safeguards agree (3.912999ms)
✔ keeps Journey Bot intake counts separate from live intake counts (0.414908ms)
✔ cockpit ranks overdue and critical work first (0.831709ms)
✔ same-version resolved and active snoozed signals stay out of the work queue (0.171029ms)
✔ new evidence reopens an otherwise resolved signal (0.11126ms)
✔ daily cockpit state and evidence are tenant scoped with forced RLS (0.958691ms)
✔ triage state cannot mutate source business entities (0.343269ms)
✔ consent requires an active grant and conservatively honors an objection (10.474929ms)
✔ expired and unrelated guardian decisions cannot grant access (0.28347ms)
✔ media access explains every denial and only allows clean published media (0.60866ms)
✔ tenant staff can review a draft without making it parent-visible (7.004649ms)
✔ retention is clamped to the documented privacy boundary (0.858609ms)
✔ media schema is tenant-scoped, private and service-written (1.852403ms)
✔ safe MVP accepts only privacy-normalized still images and no Journey data (0.357381ms)
✔ consent is append-only, parent-authorized and immediately blocks publication (0.245792ms)
✔ publication requires a separate service-only human-confirmed transition (0.135035ms)
✔ private media objects participate in backup and verified tenant erasure (3.484953ms)
✔ existing private buckets only expose exact, stored and clean objects (0.285501ms)
✔ private downloads stay behind authenticated NXTTRACK streaming routes (2.768818ms)
✔ returns a high-confidence explainable suggestion when proven signals align (2.092967ms)
✔ never lets expected outflow override a full group (0.265191ms)
✔ surfaces every proven hard blocker instead of hiding the group (0.718777ms)
✔ FIFO influences ranking without becoming an adverse automatic decision (1.26923ms)
✔ child DTO is an explicit allowlist and strips assessment internals (1.094836ms)
✔ unearned surprises are absent at the server query boundary (0.282779ms)
✔ child media is approval-bound, inline and has no download capability (5.924073ms)
✔ child shell exposes exactly five primary destinations and expires fail-closed (0.245021ms)
✔ child gebruikt het centrale Journey Engine-, camera- en gesturecontract (0.87301ms)
✔ push and old tabs follow the global portal mode lock (0.134614ms)
✔ rollout is audited, readiness-gated and direct login remains disabled (0.155055ms)
✔ Vraag mijn ouder is gestructureerd, resourcegebonden en idempotent (0.1974ms)
✔ 630 endpoint-collisionstates houden 12px clearance voor vijf mascottes en veertien viewports (9.777171ms)
✔ swept motion gebruikt alleen een vrij direct/waypointpad en valt anders terug op crossfade (2.365399ms)
✔ swept cases current→first, first→last, last→interstitial en interruptions blijven collisionvrij (3.392423ms)
✔ Journey Engine positioneert 3, 5, 9 en 14 onderdelen binnen desktop en mobiel canvas (3.440575ms)
✔ hoogste onvoltooide voortgang is standaard actief en voltooid blijft chronologisch (1.300377ms)
✔ current goal en selected entry blijven afzonderlijke concepten (1.245384ms)
✔ completion sequence is leidend, stabiel en gebruikt id als gelijke-timestamp-tiebreaker (12.591229ms)
✔ late/backdated events wijzigen bevroren completionvolgorde of current goal niet (1.512889ms)
✔ volledig afgeronde journey heeft geen stale current goal (0.419425ms)
✔ de Journey Engine is sportneutraal voor swim- en algemene labels (0.751306ms)
✔ 0, 1, 4, 7, 12 en 30 hoofdonderdelen bestaan exact eenmaal in de timeline (0.584335ms)
✔ earned events worden voor, tussen en na ankers ingevoegd, geclusterd en gededupliceerd (1.240256ms)
✔ gesture-axis-lock kiest alleen een dominante horizontale of verticale as (0.71361ms)
✔ camera maakt voor 30 entries een bredere/hogere wereld en centreert de selectie (0.933422ms)
✔ focusvenster houdt het actieve punt exact gecentreerd met maximaal twee buren per zijde (0.459536ms)
✔ Journey-bestemming gebruikt het volgende badje en eindigt bij het diplomadoel (1.083029ms)
✔ interactiecontract bevat childdeeplinks, axis-lock, tooltip en uitsluitend horizontale wheel-capture (49.368982ms)
✔ journey completion sequence is tenant-scoped, unique and immutable (27.602381ms)
✔ rating-five capture serializes sequence allocation and is retry-safe (3.744976ms)
✔ legacy order is deterministic, explicit and never presented as authoritative event order (15.979796ms)
✔ journey completions use forced RLS and explicit least-privilege grants (4.934115ms)
▶ session-bound child portal
  ✔ publishes exactly the approved capability allowlist (1.338494ms)
  ✔ parses a session only when every binding and capability is exact (0.269178ms)
  ✔ binds mode to a verified auth session and preserves a fail-closed tombstone (2.795819ms)
  ✔ parses expired or revoked rows as locked and never as parent (0.312753ms)
  ✔ keeps rollout disabled and direct child login disabled by default (0.196147ms)
  ✔ denies a missing rollout context until a verified parent request initializes it (0.183347ms)
  ✔ requires fresh login with a single-use challenge of at most five minutes (0.109757ms)
  ✔ marks private routes no-store and globally redirects an active child session (1.119644ms)
✔ session-bound child portal (12.841238ms)
✔ catalogus bevat exact de zeven v3-releases met alle dertien routes (4.762315ms)
✔ registry is open voor keys maar valt veilig terug bij onbekende releases (0.242608ms)
✔ manifestvalidator wijst raw onbekende recipe-ID af (1.709567ms)
✔ manifestvalidator weigert onbekende databasevelden (0.388158ms)
✔ iedere release gebruikt dezelfde Journey Engine en parentprojectie (1.173644ms)
✔ alle thema's gebruiken uitsluitend de neutrale badgeplaceholderfamilie (0.121925ms)
✔ beschermde naam valt dicht zonder aantoonbare licentie (2.206077ms)
✔ interactieve themakleuren halen WCAG AA met witte tekst (1.642597ms)
✔ themamigratie bevat assignment, planning, audit, RLS en server-only assessmentwrites (49.885263ms)
✔ geselecteerde runtime-assets bestaan, zijn gehasht en blijven binnen netwerkbudget (575.746151ms)
✔ responsive journey-renditions zijn sourcegebonden, immutable en gebudgetteerd (675.065777ms)
✔ Ocean Quest publiceert de vier definitieve bronassets byte-voor-byte (26.04835ms)
✔ v3-migratie publiceert zes immutable releases en een fail-closed licentiegate (1.742276ms)
✔ platformbeheer wijzigt beschikbaarheid en licenties uitsluitend via transactionele RPCs (1.275109ms)
✔ publieke theme-RPCs zijn dunne service-only invokerwrappers (1.265835ms)
✔ ouderportaal-sectienavigatie blijft binnen de mobiele viewport (0.962686ms)
✔ v3-migratie bewaart afgeronde Journey-hoofdstukken immutable en tenantgeïsoleerd (0.970918ms)
✔ de volledige 7 × 13 matrix heeft een geregistreerde renderpresentatie (1.574271ms)
✔ alle canonieke paden resolven naar de dertien route-ID’s (1.239926ms)
✔ mobiel gebruikt uitsluitend portraitassets en nooit een desktopcrop (0.3695ms)
✔ het themapakket levert bewust geen definitieve badge-art (0.312072ms)
✔ native bundles bevatten routes, recipes, assets, offlinegedrag en exact vijf beoordelingsopties (2.849061ms)
✔ analytics accepteert alleen semantische, PII-vrije properties (0.634078ms)
✔ gedeelde PortalShell, routeframe, ronde kindselector en exacte Inboxacties zijn aangesloten (28.088996ms)
✔ runtime gebruikt de letterlijke shellankers en exact zeven compatibilityredirects (3.083325ms)
✔ Default gebruikt sectorneutrale terminologie en native ontvangt historische hoofdstukken (1.700573ms)
✔ publieke theme-assets krijgen een immutable cachecontract (1.422612ms)
✔ annuleren blijft expliciet bevestigd in de canonieke planning en servercommand (1.234117ms)
✔ staging seedt de ouder- en kindreis vóór de zeven-theme matrix en bewaart het screenshotbewijs (0.863537ms)
✔ visuele acceptatiematrix blijft exact 7 themes, 13 ouderroutes en 7 kindstates (6.23928ms)
✔ viewportcontract bevat alle opgegeven desktop-, tablet- en mobielmaten exact (0.826209ms)
✔ E2E-harnas maakt per thema een parent- en childboard (40.118005ms)
✔ gedeelde paginaheaders laten lange mobiele lesnamen en datums veilig afbreken (3.978389ms)
✔ microcopy en notificatiebadges houden op het ouderdashboard WCAG AA-contrast (9.096923ms)
✔ de merklink in de kindheader is een volwaardig touch target met leesbare microcopy (3.680258ms)
✔ de veilige oudervraag op een kindles heeft een volwaardig touch target (5.79732ms)
✔ het mobiele kinddashboard begrenst de reis tussen header en vaste navigatie (5.425297ms)
✔ het kinddashboard gebruikt contrastrijke semantische tokens voor microcopy en controls (1.699992ms)
✔ canonieke releases blijven main-only en fixtures behouden beheeridentiteiten (4.247627ms)
✔ stagingmatrix opent de eigen platformpreview en activeert releases via de tenant-admin-UI (2.642797ms)
✔ predictive tables are tenant scoped, RLS protected and service writable (0.759208ms)
✔ Journey Bot purge removes derived suggestions and actions before source records (0.271641ms)
✔ state constraints keep proposals auditable and explanation payloads structured (0.105209ms)
✔ direct placement is service-only, explicitly confirmed and transactionally revalidates hard blockers (0.203277ms)
✔ tenant e-mail branding accepts only credential-free HTTPS logos (0.844768ms)
✔ tenant e-mail branding escapes tenant-controlled footer and logo content (6.828812ms)
✔ shadow package evaluation never denies access (43.750122ms)
✔ shadow package limit summary surfaces the strongest observation (3.161203ms)
✔ engagement tables are tenant scoped, forced through RLS and preserve human control (1.868056ms)
✔ web push is explicit, self-managed and has no anonymous subscription path (0.203388ms)
✔ support access is two-party, short lived and read-only (0.132831ms)
✔ audit explorer redacts secrets and dashboard preferences cannot change authorization (0.166072ms)
✔ seasonal changes are atomic, confirmed in the app and recoverable (3.36444ms)
✔ management summaries remain rule-based drafts behind the internal job gate (0.181586ms)
✔ commercial packages can only observe and never enforce access (0.270829ms)
✔ technical release flags stay separate from commercial entitlements (0.300795ms)
✔ package control center requires human confirmation and communicates zero enforcement (0.239513ms)
✔ authenticated clients cannot mutate service-owned import state or durable rows (1.102448ms)
✔ provider acceptance evidence is immutable to client roles (0.160272ms)
✔ guardian materialization is create-only and preserves the global profile (0.26433ms)
✔ rollback owns generated guardian links and refuses unmanifested dependants (0.96491ms)
✔ the mail worker claims one item only when it is ready to send (0.699849ms)
✔ upgrade preflight is read-only and fail-closed on every required legacy blocker (0.150598ms)
✔ expired pending invitations are reported without blocking a safe migration (0.095274ms)
✔ the known ledger grant gap is tolerated only until its corrective migration (0.070426ms)
✔ blocked upgrade fixture contains no automatic customer-data repair (2.186528ms)
✔ platform roles are not implicit tenant mutation capabilities (1.015216ms)
✔ import migration is additive and uses a durable per-target manifest (31.305874ms)
✔ apply has an atomic leased claim, bounded chunks and durable reconciliation (5.820196ms)
✔ guardian import commits invitation and blocked outbox together then releases only on completion (4.409221ms)
✔ rollback compensates only manifest-owned targets and preserves failures for retry (2.476027ms)
✔ validation and apply actions use bounded chunks instead of per-row Data API writes (5.370164ms)
✔ all import mutation RPCs are fixed-path service-only boundaries (2.239719ms)
✔ attention engine explains absence, participation and progress signals (4.935287ms)
✔ financial and parent-question signals propose human review without adverse labels (2.877994ms)
✔ Journey Bot data never becomes a live personal-attention signal (0.191871ms)
✔ attention signals, events and pauses are tenant scoped with forced RLS (0.698437ms)
✔ attention schema has no automatic adverse action or outbound communication (0.299182ms)
✔ the schema exposes one service-only immutable compatibility contract (4.787715ms)
✔ the final secure-default correction revokes recreated trigger functions and rolls the handshake forward (0.322989ms)
✔ legacy auto-grants are removed from service-owned ledgers (0.147043ms)
✔ re-certification rolls the compatibility contract to its compatible application anchor (0.22427ms)
✔ health fails closed unless database and application contracts match (0.098378ms)
✔ the compatibility bridge accepts the immediately previous schema and rejects tampering (0.368918ms)
✔ the release assertion verifies the deployed SHA from the retained checkout (0.229477ms)
✔ maintenance mode blocks every unsafe HTTP method before session work (0.142056ms)
✔ main migration deployments require containment and assert schema before activation (0.894484ms)
✔ runtime and package metadata pin the supported Node 24 line (0.902986ms)
✔ every GitHub workflow uses the exact supported Node runtime (2.907909ms)
✔ nanoid override is at or above the patched 3.3.18 release (3.584674ms)
✔ website editor only accepts local paths and rejects protocol-relative or executable URLs (0.782263ms)
✔ site page defaults stay swim-first and are complete for all public surfaces (0.893471ms)
✔ database content is normalized, bounded and falls back safely (4.998472ms)
✔ version snapshots normalize controlled sections and reject unsafe structure (0.578245ms)
✔ website CMS is tenant scoped, structurally constrained and forced through RLS (7.137639ms)
✔ website writes require tenant administration and public reads stay tenant filtered (0.293914ms)
✔ CMS 2.0 versions, media and publishing are tenant-safe and recoverable (0.348047ms)
✔ public media requires a published link, valid consent and a clean scan (0.114283ms)
✔ planbord is focused and the inhaalmarkt is a dedicated human-confirmed workflow (5.325538ms)
✔ document upload cannot bypass malware scanning with a metadata-only save (0.168134ms)
✔ houdt het TypeScript- en database-eventcontract gelijk (0.959902ms)
✔ maakt activiteiten begrijpelijk zonder technische metadata te tonen (4.340006ms)
✔ dwingt tenant-isolatie, append-only gebruik en complete Journey cleanup af (2.103744ms)
✔ schrijft de vereiste triggers en centrale helper in de migratie (0.162806ms)
✔ flow evidence, snapshots, forecasts and accuracy are tenant scoped with forced RLS (1.32279ms)
✔ lifecycle events are append-only, source reconciled and formula-versioned (0.221824ms)
✔ rolling snapshots expose daily/monthly grains, cohorts and data quality (0.101584ms)
✔ forecast ranges, scenarios and accuracy are constrained (0.109527ms)
✔ soft reservations require review, expire and protect physical capacity (0.248046ms)
✔ assessmentauthority is append-only 1–5 met drafts, correctieketen en retractions (46.344476ms)
✔ productprojecties gebruiken rating gedeeld door vijf en houden coverage apart (3.803394ms)
✔ doorstroom en diplomastates zijn niet samengevoegd met percentageprogressie (3.725256ms)
✔ alle nieuwe assessmenttabellen forceren tenant-RLS (4.721924ms)
✔ web en native gebruiken een actor-gebonden publieke commandgrens (7.322929ms)
✔ badgepublicaties zijn immutable, versiegebonden en gebruiken gestructureerde regels (24.001703ms)
✔ batchtoekenning is idempotent en levert per ontvanger exact één verzamelnotificatie (4.518026ms)
✔ surprisebadges en legacy gender zijn afgeschermd in database en viewmodel (3.37661ms)
✔ legacy gender wordt pas herschreven nadat de oude checkconstraints zijn verwijderd (2.42609ms)
✔ fundering bevat tenantveilige rollout, permission, audit, outbox en idempotency (35.535444ms)
✔ curriculum is versiegebonden, publicatie is transactioneel en releases zijn immutable (4.182408ms)
✔ carryover-identiteit is stabiel en één enrollment heeft één actuele badjefase (2.535956ms)
✔ wizard bewaart drafts, revisions en uitsluitend gestructureerde policies (19.048149ms)
✔ validatie bevat coverage, impact, diff en het ongeronde 16,7%-voorbeeld (2.111745ms)
✔ bestaande leerlingen blijven pinned tot preview, approval en execute (4.249149ms)
✔ stagingfixture publiceert zes versioned onderdelen en bewijst 16,7% via de actorcommand (2.69706ms)
✔ rolling flow metrics use tenant calendar dates, exact percentiles and formula version (9.020688ms)
✔ eligibility starts the waiting clock and test/import rows cannot pollute cohorts (2.098044ms)
✔ pauses are de-duplicated and transfers do not reset stage or diploma duration (1.093735ms)
✔ rolling boundary uses local completion date across DST and excludes invalid ordering (0.677195ms)
✔ capaciteitsbuckets blijven afzonderlijk binnen één fysieke limiet (1.518198ms)
✔ publicatie herhaalt conflictcontrole onder resource- en instructeurlocks (0.741742ms)
✔ occurrences gebruiken lokale wall-clock tijd en immutable versiegebonden regels (0.451472ms)
✔ conflictviewmodel maakt hard en adviserend expliciet (0.26429ms)
✔ stagingfixture legt geverifieerde kwalificatiemasterdata vast vóór actieve inzet (0.413165ms)
✔ beheerrollen en instructeurs hebben begrensde swim-canonrechten (0.756505ms)
✔ expliciete tenantoverride wint van de rolstandaard (0.169264ms)
✔ beoordelingen zijn uitsluitend integer 1–5 of null (1.021876ms)
✔ productprogressie is rating/5 en de historische metric blijft afzonderlijk (0.190429ms)
✔ één vijfscore op zes verplichte onderdelen is ongerond 16,7 procent (0.295827ms)
✔ null blijft in de noemer en dubbele carryover-items tellen maar eenmaal (0.142166ms)
✔ weging is expliciet en houdt onbeoordeelde onderdelen in de noemer (0.154804ms)
✔ een curriculum met één badje toont alleen diploma; meerdere tonen exact twee ringen (0.91226ms)
✔ de laatste definitieve niet-ingetrokken observatie bepaalt progressie, ook bij scoreverlaging (0.266173ms)
✔ correctieketens weigeren cycli, ontbrekende voorgangers en cross-itemcorrecties (0.148114ms)
✔ doorstroom houdt eligibility, review, approval en execution afzonderlijk (28.267668ms)
✔ carryover verwijst naar het originele item en is previewbaar en idempotent (12.69032ms)
✔ carryovercommands zijn permission-bound, auditbaar en tenant-RLS beschermd (7.036025ms)
✔ tenant health is explainable, weighted and healthy with current evidence (0.941504ms)
✔ critical incident and failed cron force critical status without hiding evidence (0.350049ms)
✔ platform health evidence is service-owned and incidents are platform-role scoped (0.948966ms)
✔ heartbeat ingestion and incident resolution require explicit authority (0.189416ms)
✔ monitoring and storage backup publish evidence and cover CMS media (0.17909ms)
✔ tenant provisioning migration is additive and has durable idempotency and lifecycle keys (18.422573ms)
✔ one provisioning RPC owns the complete database graph and invitation enqueue (2.955232ms)
✔ every logical database step supports rollback-only failure injection (1.880314ms)
✔ identity materialization is post-commit, retry-safe and releases mail only on opening (2.073417ms)
✔ provisioning and Auth resolution RPCs are fixed-path service-only boundaries (1.587801ms)
✔ Auth creation resolves an existing or concurrent account instead of duplicating it (1.194527ms)
✔ uses the newest 100 exact placements and robust percentiles instead of an average (6.431181ms)
✔ falls back from an undersized exact cohort to recent program and stage history (0.460818ms)
✔ uses current pressure without inventing historical precision (18.500771ms)
✔ suggests only a demonstrably better alternative and keeps parent wording banded (1.138782ms)
ℹ tests 444
ℹ suites 9
ℹ pass 444
ℹ fail 0
ℹ cancelled 0
ℹ skipped 0
ℹ todo 0
ℹ duration_ms 4363.278953
