
> @nxttrack/platform@0.0.0 security:audit-dependencies <worktree>
> pnpm audit --prod --audit-level moderate

┌─────────────────────┬────────────────────────────────────────────────────────┐
│ critical            │ Next.js: Unauthenticated Remote Code Execution on      │
│                     │ windows-hosted servers                                 │
├─────────────────────┼────────────────────────────────────────────────────────┤
│ Package             │ next                                                   │
├─────────────────────┼────────────────────────────────────────────────────────┤
│ Vulnerable versions │ >=16.0.0 <16.3.3                                       │
├─────────────────────┼────────────────────────────────────────────────────────┤
│ Patched versions    │ >=16.3.3                                               │
├─────────────────────┼────────────────────────────────────────────────────────┤
│ Paths               │ apps__web>next                                         │
├─────────────────────┼────────────────────────────────────────────────────────┤
│ More info           │ https://github.com/advisories/GHSA-p293-qw3h-jr36      │
└─────────────────────┴────────────────────────────────────────────────────────┘
┌─────────────────────┬────────────────────────────────────────────────────────┐
│ critical            │ Next.js: Unauthenticated Remote Code Execution in      │
│                     │ Image Optimization API when AVIF files are used        │
├─────────────────────┼────────────────────────────────────────────────────────┤
│ Package             │ next                                                   │
├─────────────────────┼────────────────────────────────────────────────────────┤
│ Vulnerable versions │ >=16.0.0 <16.3.3                                       │
├─────────────────────┼────────────────────────────────────────────────────────┤
│ Patched versions    │ >=16.3.3                                               │
├─────────────────────┼────────────────────────────────────────────────────────┤
│ Paths               │ apps__web>next                                         │
├─────────────────────┼────────────────────────────────────────────────────────┤
│ More info           │ https://github.com/advisories/GHSA-2xp9-vwfh-vxw4      │
└─────────────────────┴────────────────────────────────────────────────────────┘
┌─────────────────────┬────────────────────────────────────────────────────────┐
│ high                │ sharp: Vulnerabilities in libheif: GHSA-g89c-p67h-r497 │
│                     │ and GHSA-2jg2-4ch7-h545                                │
├─────────────────────┼────────────────────────────────────────────────────────┤
│ Package             │ sharp                                                  │
├─────────────────────┼────────────────────────────────────────────────────────┤
│ Vulnerable versions │ <0.35.4                                                │
├─────────────────────┼────────────────────────────────────────────────────────┤
│ Patched versions    │ >=0.35.4                                               │
├─────────────────────┼────────────────────────────────────────────────────────┤
│ Paths               │ apps__web>sharp                                        │
├─────────────────────┼────────────────────────────────────────────────────────┤
│ More info           │ https://github.com/advisories/GHSA-rgj7-g3m4-5g8c      │
└─────────────────────┴────────────────────────────────────────────────────────┘
┌─────────────────────┬────────────────────────────────────────────────────────┐
│ moderate            │ baseline-browser-mapping process termination on        │
│                     │ invalid input causes denial of service                 │
├─────────────────────┼────────────────────────────────────────────────────────┤
│ Package             │ baseline-browser-mapping                               │
├─────────────────────┼────────────────────────────────────────────────────────┤
│ Vulnerable versions │ >=2.0.0 <2.11.0                                        │
├─────────────────────┼────────────────────────────────────────────────────────┤
│ Patched versions    │ >=2.11.0                                               │
├─────────────────────┼────────────────────────────────────────────────────────┤
│ Paths               │ apps__web>next>baseline-browser-mapping                │
├─────────────────────┼────────────────────────────────────────────────────────┤
│ More info           │ https://github.com/advisories/GHSA-w5vr-8v7q-w6rv      │
└─────────────────────┴────────────────────────────────────────────────────────┘
4 vulnerabilities found
Severity: 1 moderate | 1 high | 2 critical
 ELIFECYCLE  Command failed with exit code 1.
