[WebServer] (node:774471) Warning: The 'NO_COLOR' env is ignored due to the 'FORCE_COLOR' env being set.
[WebServer] (Use `node --trace-warnings ...` to show where the warning was created)
[WebServer] (node:774784) Warning: The 'NO_COLOR' env is ignored due to the 'FORCE_COLOR' env being set.
[WebServer] (Use `node --trace-warnings ...` to show where the warning was created)

Running 52 tests using 2 workers

(node:775075) Warning: The 'NO_COLOR' env is ignored due to the 'FORCE_COLOR' env being set.
(Use `node --trace-warnings ...` to show where the warning was created)
(node:775076) Warning: The 'NO_COLOR' env is ignored due to the 'FORCE_COLOR' env being set.
(Use `node --trace-warnings ...` to show where the warning was created)
  ✓   1 [chromium-desktop] › tests/e2e/smoke.spec.ts:39:7 › staging MVP smoke › child session API requires authentication and cannot be cached (53ms)
  ✓   2 [chromium-desktop] › tests/e2e/smoke.spec.ts:46:7 › staging MVP smoke › health endpoint returns the expected payload (51ms)
  ✓   3 [chromium-desktop] › tests/e2e/smoke.spec.ts:60:7 › staging MVP smoke › public responses expose the release security headers (83ms)
  ✓   5 [chromium-desktop] › tests/e2e/smoke.spec.ts:76:9 › staging MVP smoke › public route login renders without server error (740ms)
  ✓   4 [chromium-desktop] › tests/e2e/smoke.spec.ts:76:9 › staging MVP smoke › public route root renders without server error (856ms)
  ✓   6 [chromium-desktop] › tests/e2e/smoke.spec.ts:76:9 › staging MVP smoke › public route password forgotten renders without server error (716ms)
  ✓   7 [chromium-desktop] › tests/e2e/smoke.spec.ts:76:9 › staging MVP smoke › public route password reset renders without server error (744ms)
  ✓   8 [chromium-desktop] › tests/e2e/smoke.spec.ts:76:9 › staging MVP smoke › public route marketing renders without server error (1.1s)
  ✓   9 [chromium-desktop] › tests/e2e/smoke.spec.ts:76:9 › staging MVP smoke › public route marketing swim schools renders without server error (1.0s)
  ✓  11 [chromium-desktop] › tests/e2e/smoke.spec.ts:88:9 › staging MVP smoke › private route /platform/badges requires authentication (893ms)
  ✓  10 [chromium-desktop] › tests/e2e/smoke.spec.ts:88:9 › staging MVP smoke › private route /platform requires authentication (958ms)
  ✓  12 [chromium-desktop] › tests/e2e/smoke.spec.ts:88:9 › staging MVP smoke › private route /admin requires authentication (788ms)
  ✓  13 [chromium-desktop] › tests/e2e/smoke.spec.ts:88:9 › staging MVP smoke › private route /admin/badges requires authentication (827ms)
  ✓  15 [chromium-desktop] › tests/e2e/smoke.spec.ts:88:9 › staging MVP smoke › private route /portaal requires authentication (828ms)
  ✓  14 [chromium-desktop] › tests/e2e/smoke.spec.ts:88:9 › staging MVP smoke › private route /admin/berichten requires authentication (951ms)
  ✓  16 [chromium-desktop] › tests/e2e/smoke.spec.ts:88:9 › staging MVP smoke › private route /portaal/badges requires authentication (716ms)
  ✓  17 [chromium-desktop] › tests/e2e/smoke.spec.ts:88:9 › staging MVP smoke › private route /kind requires authentication (791ms)
  ✓  18 [chromium-desktop] › tests/e2e/smoke.spec.ts:88:9 › staging MVP smoke › private route /kind/reis requires authentication (673ms)
  ✓  19 [chromium-desktop] › tests/e2e/smoke.spec.ts:88:9 › staging MVP smoke › private route /instructor requires authentication (867ms)
  ✓  20 [chromium-desktop] › tests/e2e/smoke.spec.ts:102:7 › staging MVP smoke › marketing subpages share an accessible route-aware shell (1.9s)
  ✓  22 [chromium-desktop] › tests/e2e/smoke.spec.ts:153:7 › staging MVP smoke › public auth forms expose labelled controls and password strength semantics (850ms)
  ✓  21 [chromium-desktop] › tests/e2e/smoke.spec.ts:131:7 › staging MVP smoke › every canonical marketing subpage has a dedicated composition (2.7s)
  ✓  23 [chromium-desktop] › tests/e2e/smoke.spec.ts:169:7 › staging MVP smoke › invitation acceptance distinguishes code, password and activation failures (1.1s)
  ✓  24 [chromium-desktop] › tests/e2e/visual-performance.spec.ts:11:9 › visual, accessibility and performance smoke › root has nonblank UI, basic accessibility and acceptable load time (1.8s)
  ✓  25 [chromium-desktop] › tests/e2e/visual-performance.spec.ts:11:9 › visual, accessibility and performance smoke › login has nonblank UI, basic accessibility and acceptable load time (1.7s)
(node:778009) Warning: The 'NO_COLOR' env is ignored due to the 'FORCE_COLOR' env being set.
(Use `node --trace-warnings ...` to show where the warning was created)
  ✓  27 [chromium-mobile] › tests/e2e/smoke.spec.ts:39:7 › staging MVP smoke › child session API requires authentication and cannot be cached (33ms)
  ✓  28 [chromium-mobile] › tests/e2e/smoke.spec.ts:46:7 › staging MVP smoke › health endpoint returns the expected payload (13ms)
  ✓  29 [chromium-mobile] › tests/e2e/smoke.spec.ts:60:7 › staging MVP smoke › public responses expose the release security headers (37ms)
  ✓  30 [chromium-mobile] › tests/e2e/smoke.spec.ts:76:9 › staging MVP smoke › public route root renders without server error (1.2s)
  ✓  31 [chromium-mobile] › tests/e2e/smoke.spec.ts:76:9 › staging MVP smoke › public route login renders without server error (987ms)
  ✓  26 [chromium-desktop] › tests/e2e/visual-performance.spec.ts:11:9 › visual, accessibility and performance smoke › marketing has nonblank UI, basic accessibility and acceptable load time (4.1s)
  ✓  32 [chromium-mobile] › tests/e2e/smoke.spec.ts:76:9 › staging MVP smoke › public route password forgotten renders without server error (776ms)
(node:779662) Warning: The 'NO_COLOR' env is ignored due to the 'FORCE_COLOR' env being set.
(Use `node --trace-warnings ...` to show where the warning was created)
  ✓  34 [chromium-mobile] › tests/e2e/smoke.spec.ts:76:9 › staging MVP smoke › public route password reset renders without server error (952ms)
  ✓  33 [chromium-mobile] › tests/e2e/smoke.spec.ts:76:9 › staging MVP smoke › public route marketing renders without server error (2.0s)
  ✓  35 [chromium-mobile] › tests/e2e/smoke.spec.ts:76:9 › staging MVP smoke › public route marketing swim schools renders without server error (1.4s)
  ✓  36 [chromium-mobile] › tests/e2e/smoke.spec.ts:88:9 › staging MVP smoke › private route /platform requires authentication (1.0s)
  ✓  37 [chromium-mobile] › tests/e2e/smoke.spec.ts:88:9 › staging MVP smoke › private route /platform/badges requires authentication (876ms)
  ✓  38 [chromium-mobile] › tests/e2e/smoke.spec.ts:88:9 › staging MVP smoke › private route /admin requires authentication (885ms)
  ✓  39 [chromium-mobile] › tests/e2e/smoke.spec.ts:88:9 › staging MVP smoke › private route /admin/badges requires authentication (955ms)
  ✓  40 [chromium-mobile] › tests/e2e/smoke.spec.ts:88:9 › staging MVP smoke › private route /admin/berichten requires authentication (956ms)
  ✓  41 [chromium-mobile] › tests/e2e/smoke.spec.ts:88:9 › staging MVP smoke › private route /portaal requires authentication (856ms)
  ✓  42 [chromium-mobile] › tests/e2e/smoke.spec.ts:88:9 › staging MVP smoke › private route /portaal/badges requires authentication (911ms)
  ✓  43 [chromium-mobile] › tests/e2e/smoke.spec.ts:88:9 › staging MVP smoke › private route /kind requires authentication (819ms)
  ✓  44 [chromium-mobile] › tests/e2e/smoke.spec.ts:88:9 › staging MVP smoke › private route /kind/reis requires authentication (838ms)
  ✓  45 [chromium-mobile] › tests/e2e/smoke.spec.ts:88:9 › staging MVP smoke › private route /instructor requires authentication (909ms)
  ✓  47 [chromium-mobile] › tests/e2e/smoke.spec.ts:131:7 › staging MVP smoke › every canonical marketing subpage has a dedicated composition (2.9s)
  ✓  46 [chromium-mobile] › tests/e2e/smoke.spec.ts:102:7 › staging MVP smoke › marketing subpages share an accessible route-aware shell (3.7s)
  ✓  48 [chromium-mobile] › tests/e2e/smoke.spec.ts:153:7 › staging MVP smoke › public auth forms expose labelled controls and password strength semantics (1.0s)
  ✓  49 [chromium-mobile] › tests/e2e/smoke.spec.ts:169:7 › staging MVP smoke › invitation acceptance distinguishes code, password and activation failures (1.1s)
  ✓  51 [chromium-mobile] › tests/e2e/visual-performance.spec.ts:11:9 › visual, accessibility and performance smoke › login has nonblank UI, basic accessibility and acceptable load time (1.3s)
  ✓  50 [chromium-mobile] › tests/e2e/visual-performance.spec.ts:11:9 › visual, accessibility and performance smoke › root has nonblank UI, basic accessibility and acceptable load time (1.8s)
  ✓  52 [chromium-mobile] › tests/e2e/visual-performance.spec.ts:11:9 › visual, accessibility and performance smoke › marketing has nonblank UI, basic accessibility and acceptable load time (3.1s)

  52 passed (34.9s)
