
Running 21 tests using 1 worker

(node:3222905) Warning: The 'NO_COLOR' env is ignored due to the 'FORCE_COLOR' env being set.
(Use `node --trace-warnings ...` to show where the warning was created)
  ✓   1 [journey-chromium] › tests/e2e/journey-development.spec.ts:3:5 › development searches and restores filters, opens a focused dialog and keeps historical values distinct (4.4s)
  ✓   2 [journey-chromium] › tests/e2e/journey-development.spec.ts:27:5 › development retains readable long labels and reachable details across seven viewports and enlarged text (4.5s)
  ✓   3 [journey-chromium] › tests/e2e/journey-rich.spec.ts:10:5 › rich scene keeps every node reachable with a closed initial detail and neutral pearls (9.8s)
  ✓   4 [journey-chromium] › tests/e2e/journey-rich.spec.ts:31:5 › rich scene separates orientation, maintains camera on refresh and suppresses clicks after drag (2.4s)
  ✓   5 [journey-chromium] › tests/e2e/journey-rich.spec.ts:58:5 › rich Default fixture has all six distinct world identities and a readable compact progress pod (7.1s)
  ✓   6 [journey-chromium] › tests/e2e/journey-rich.spec.ts:83:5 › selection leaves the canonical current goal intact and keyboard navigation reaches every segment (1.9s)
  ✓   7 [journey-chromium] › tests/e2e/journey-rich.spec.ts:97:5 › badge moments remain separate from curriculum nodes, with a complete keyboard-accessible history (2.0s)
(node:3231500) Warning: The 'NO_COLOR' env is ignored due to the 'FORCE_COLOR' env being set.
(Use `node --trace-warnings ...` to show where the warning was created)
  ✘   8 [journey-firefox] › tests/e2e/journey-development.spec.ts:3:5 › development searches and restores filters, opens a focused dialog and keeps historical values distinct (1ms)
(node:3231721) Warning: The 'NO_COLOR' env is ignored due to the 'FORCE_COLOR' env being set.
(Use `node --trace-warnings ...` to show where the warning was created)
  ✘   9 [journey-firefox] › tests/e2e/journey-development.spec.ts:27:5 › development retains readable long labels and reachable details across seven viewports and enlarged text (1ms)
(node:3231970) Warning: The 'NO_COLOR' env is ignored due to the 'FORCE_COLOR' env being set.
(Use `node --trace-warnings ...` to show where the warning was created)
  ✘  10 [journey-firefox] › tests/e2e/journey-rich.spec.ts:10:5 › rich scene keeps every node reachable with a closed initial detail and neutral pearls (1ms)
(node:3232167) Warning: The 'NO_COLOR' env is ignored due to the 'FORCE_COLOR' env being set.
(Use `node --trace-warnings ...` to show where the warning was created)
  ✘  11 [journey-firefox] › tests/e2e/journey-rich.spec.ts:31:5 › rich scene separates orientation, maintains camera on refresh and suppresses clicks after drag (1ms)
(node:3232405) Warning: The 'NO_COLOR' env is ignored due to the 'FORCE_COLOR' env being set.
(Use `node --trace-warnings ...` to show where the warning was created)
  ✘  12 [journey-firefox] › tests/e2e/journey-rich.spec.ts:58:5 › rich Default fixture has all six distinct world identities and a readable compact progress pod (1ms)
(node:3232680) Warning: The 'NO_COLOR' env is ignored due to the 'FORCE_COLOR' env being set.
(Use `node --trace-warnings ...` to show where the warning was created)
  ✘  13 [journey-firefox] › tests/e2e/journey-rich.spec.ts:83:5 › selection leaves the canonical current goal intact and keyboard navigation reaches every segment (1ms)
(node:3232940) Warning: The 'NO_COLOR' env is ignored due to the 'FORCE_COLOR' env being set.
(Use `node --trace-warnings ...` to show where the warning was created)
  ✘  14 [journey-firefox] › tests/e2e/journey-rich.spec.ts:97:5 › badge moments remain separate from curriculum nodes, with a complete keyboard-accessible history (1ms)
(node:3233236) Warning: The 'NO_COLOR' env is ignored due to the 'FORCE_COLOR' env being set.
(Use `node --trace-warnings ...` to show where the warning was created)
  ✘  15 [journey-webkit] › tests/e2e/journey-development.spec.ts:3:5 › development searches and restores filters, opens a focused dialog and keeps historical values distinct (2ms)
(node:3233775) Warning: The 'NO_COLOR' env is ignored due to the 'FORCE_COLOR' env being set.
(Use `node --trace-warnings ...` to show where the warning was created)
  ✘  16 [journey-webkit] › tests/e2e/journey-development.spec.ts:27:5 › development retains readable long labels and reachable details across seven viewports and enlarged text (1ms)
(node:3234193) Warning: The 'NO_COLOR' env is ignored due to the 'FORCE_COLOR' env being set.
(Use `node --trace-warnings ...` to show where the warning was created)
  ✘  17 [journey-webkit] › tests/e2e/journey-rich.spec.ts:10:5 › rich scene keeps every node reachable with a closed initial detail and neutral pearls (1ms)
(node:3234656) Warning: The 'NO_COLOR' env is ignored due to the 'FORCE_COLOR' env being set.
(Use `node --trace-warnings ...` to show where the warning was created)
  ✘  18 [journey-webkit] › tests/e2e/journey-rich.spec.ts:31:5 › rich scene separates orientation, maintains camera on refresh and suppresses clicks after drag (3ms)
(node:3235107) Warning: The 'NO_COLOR' env is ignored due to the 'FORCE_COLOR' env being set.
(Use `node --trace-warnings ...` to show where the warning was created)
  ✘  19 [journey-webkit] › tests/e2e/journey-rich.spec.ts:58:5 › rich Default fixture has all six distinct world identities and a readable compact progress pod (1ms)
(node:3235599) Warning: The 'NO_COLOR' env is ignored due to the 'FORCE_COLOR' env being set.
(Use `node --trace-warnings ...` to show where the warning was created)
  ✘  20 [journey-webkit] › tests/e2e/journey-rich.spec.ts:83:5 › selection leaves the canonical current goal intact and keyboard navigation reaches every segment (1ms)
(node:3235982) Warning: The 'NO_COLOR' env is ignored due to the 'FORCE_COLOR' env being set.
(Use `node --trace-warnings ...` to show where the warning was created)
  ✘  21 [journey-webkit] › tests/e2e/journey-rich.spec.ts:97:5 › badge moments remain separate from curriculum nodes, with a complete keyboard-accessible history (1ms)


  1) [journey-firefox] › tests/e2e/journey-development.spec.ts:3:5 › development searches and restores filters, opens a focused dialog and keeps historical values distinct 

    Error: browserType.launch: 
    ╔══════════════════════════════════════════════════════╗
    ║ Host system is missing dependencies to run browsers. ║
    ║ Please install them with the following command:      ║
    ║                                                      ║
    ║     sudo pnpm exec playwright install-deps           ║
    ║                                                      ║
    ║ Alternatively, use apt:                              ║
    ║     sudo apt-get install libxcursor1\                ║
    ║         libgtk-3-0t64\                               ║
    ║         libpangocairo-1.0-0\                         ║
    ║         libcairo-gobject2\                           ║
    ║         libgdk-pixbuf-2.0-0                          ║
    ║                                                      ║
    ║ <3 Playwright Team                                   ║
    ╚══════════════════════════════════════════════════════╝

    Error Context: ../../../../../../tmp/nxttrack-v42-evidence/development-three-engine-browser-results/journey-development-develo-9f781--historical-values-distinct-journey-firefox/error-context.md

    attachment #2: trace (application/zip) ─────────────────────────────────────────────────────────
    ../../../../../../tmp/nxttrack-v42-evidence/development-three-engine-browser-results/journey-development-develo-9f781--historical-values-distinct-journey-firefox/trace.zip
    Usage:

        pnpm exec playwright show-trace ../../../../../../tmp/nxttrack-v42-evidence/development-three-engine-browser-results/journey-development-develo-9f781--historical-values-distinct-journey-firefox/trace.zip

    ────────────────────────────────────────────────────────────────────────────────────────────────

  2) [journey-firefox] › tests/e2e/journey-development.spec.ts:27:5 › development retains readable long labels and reachable details across seven viewports and enlarged text 

    Error: browserType.launch: 
    ╔══════════════════════════════════════════════════════╗
    ║ Host system is missing dependencies to run browsers. ║
    ║ Please install them with the following command:      ║
    ║                                                      ║
    ║     sudo pnpm exec playwright install-deps           ║
    ║                                                      ║
    ║ Alternatively, use apt:                              ║
    ║     sudo apt-get install libxcursor1\                ║
    ║         libgtk-3-0t64\                               ║
    ║         libpangocairo-1.0-0\                         ║
    ║         libcairo-gobject2\                           ║
    ║         libgdk-pixbuf-2.0-0                          ║
    ║                                                      ║
    ║ <3 Playwright Team                                   ║
    ╚══════════════════════════════════════════════════════╝

    Error Context: ../../../../../../tmp/nxttrack-v42-evidence/development-three-engine-browser-results/journey-development-develo-12fe4-viewports-and-enlarged-text-journey-firefox/error-context.md

    attachment #2: trace (application/zip) ─────────────────────────────────────────────────────────
    ../../../../../../tmp/nxttrack-v42-evidence/development-three-engine-browser-results/journey-development-develo-12fe4-viewports-and-enlarged-text-journey-firefox/trace.zip
    Usage:

        pnpm exec playwright show-trace ../../../../../../tmp/nxttrack-v42-evidence/development-three-engine-browser-results/journey-development-develo-12fe4-viewports-and-enlarged-text-journey-firefox/trace.zip

    ────────────────────────────────────────────────────────────────────────────────────────────────

  3) [journey-firefox] › tests/e2e/journey-rich.spec.ts:10:5 › rich scene keeps every node reachable with a closed initial detail and neutral pearls 

    Error: browserType.launch: 
    ╔══════════════════════════════════════════════════════╗
    ║ Host system is missing dependencies to run browsers. ║
    ║ Please install them with the following command:      ║
    ║                                                      ║
    ║     sudo pnpm exec playwright install-deps           ║
    ║                                                      ║
    ║ Alternatively, use apt:                              ║
    ║     sudo apt-get install libxcursor1\                ║
    ║         libgtk-3-0t64\                               ║
    ║         libpangocairo-1.0-0\                         ║
    ║         libcairo-gobject2\                           ║
    ║         libgdk-pixbuf-2.0-0                          ║
    ║                                                      ║
    ║ <3 Playwright Team                                   ║
    ╚══════════════════════════════════════════════════════╝

    Error Context: ../../../../../../tmp/nxttrack-v42-evidence/development-three-engine-browser-results/journey-rich-rich-scene-ke-fc6ad-l-detail-and-neutral-pearls-journey-firefox/error-context.md

    attachment #2: trace (application/zip) ─────────────────────────────────────────────────────────
    ../../../../../../tmp/nxttrack-v42-evidence/development-three-engine-browser-results/journey-rich-rich-scene-ke-fc6ad-l-detail-and-neutral-pearls-journey-firefox/trace.zip
    Usage:

        pnpm exec playwright show-trace ../../../../../../tmp/nxttrack-v42-evidence/development-three-engine-browser-results/journey-rich-rich-scene-ke-fc6ad-l-detail-and-neutral-pearls-journey-firefox/trace.zip

    ────────────────────────────────────────────────────────────────────────────────────────────────

  4) [journey-firefox] › tests/e2e/journey-rich.spec.ts:31:5 › rich scene separates orientation, maintains camera on refresh and suppresses clicks after drag 

    Error: browserType.launch: 
    ╔══════════════════════════════════════════════════════╗
    ║ Host system is missing dependencies to run browsers. ║
    ║ Please install them with the following command:      ║
    ║                                                      ║
    ║     sudo pnpm exec playwright install-deps           ║
    ║                                                      ║
    ║ Alternatively, use apt:                              ║
    ║     sudo apt-get install libxcursor1\                ║
    ║         libgtk-3-0t64\                               ║
    ║         libpangocairo-1.0-0\                         ║
    ║         libcairo-gobject2\                           ║
    ║         libgdk-pixbuf-2.0-0                          ║
    ║                                                      ║
    ║ <3 Playwright Team                                   ║
    ╚══════════════════════════════════════════════════════╝

    Error Context: ../../../../../../tmp/nxttrack-v42-evidence/development-three-engine-browser-results/journey-rich-rich-scene-se-0d613-uppresses-clicks-after-drag-journey-firefox/error-context.md

    attachment #2: trace (application/zip) ─────────────────────────────────────────────────────────
    ../../../../../../tmp/nxttrack-v42-evidence/development-three-engine-browser-results/journey-rich-rich-scene-se-0d613-uppresses-clicks-after-drag-journey-firefox/trace.zip
    Usage:

        pnpm exec playwright show-trace ../../../../../../tmp/nxttrack-v42-evidence/development-three-engine-browser-results/journey-rich-rich-scene-se-0d613-uppresses-clicks-after-drag-journey-firefox/trace.zip

    ────────────────────────────────────────────────────────────────────────────────────────────────

  5) [journey-firefox] › tests/e2e/journey-rich.spec.ts:58:5 › rich Default fixture has all six distinct world identities and a readable compact progress pod 

    Error: browserType.launch: 
    ╔══════════════════════════════════════════════════════╗
    ║ Host system is missing dependencies to run browsers. ║
    ║ Please install them with the following command:      ║
    ║                                                      ║
    ║     sudo pnpm exec playwright install-deps           ║
    ║                                                      ║
    ║ Alternatively, use apt:                              ║
    ║     sudo apt-get install libxcursor1\                ║
    ║         libgtk-3-0t64\                               ║
    ║         libpangocairo-1.0-0\                         ║
    ║         libcairo-gobject2\                           ║
    ║         libgdk-pixbuf-2.0-0                          ║
    ║                                                      ║
    ║ <3 Playwright Team                                   ║
    ╚══════════════════════════════════════════════════════╝

    Error Context: ../../../../../../tmp/nxttrack-v42-evidence/development-three-engine-browser-results/journey-rich-rich-Default--cb0bb-adable-compact-progress-pod-journey-firefox/error-context.md

    attachment #2: trace (application/zip) ─────────────────────────────────────────────────────────
    ../../../../../../tmp/nxttrack-v42-evidence/development-three-engine-browser-results/journey-rich-rich-Default--cb0bb-adable-compact-progress-pod-journey-firefox/trace.zip
    Usage:

        pnpm exec playwright show-trace ../../../../../../tmp/nxttrack-v42-evidence/development-three-engine-browser-results/journey-rich-rich-Default--cb0bb-adable-compact-progress-pod-journey-firefox/trace.zip

    ────────────────────────────────────────────────────────────────────────────────────────────────

  6) [journey-firefox] › tests/e2e/journey-rich.spec.ts:83:5 › selection leaves the canonical current goal intact and keyboard navigation reaches every segment 

    Error: browserType.launch: 
    ╔══════════════════════════════════════════════════════╗
    ║ Host system is missing dependencies to run browsers. ║
    ║ Please install them with the following command:      ║
    ║                                                      ║
    ║     sudo pnpm exec playwright install-deps           ║
    ║                                                      ║
    ║ Alternatively, use apt:                              ║
    ║     sudo apt-get install libxcursor1\                ║
    ║         libgtk-3-0t64\                               ║
    ║         libpangocairo-1.0-0\                         ║
    ║         libcairo-gobject2\                           ║
    ║         libgdk-pixbuf-2.0-0                          ║
    ║                                                      ║
    ║ <3 Playwright Team                                   ║
    ╚══════════════════════════════════════════════════════╝

    Error Context: ../../../../../../tmp/nxttrack-v42-evidence/development-three-engine-browser-results/journey-rich-selection-lea-edef6-ation-reaches-every-segment-journey-firefox/error-context.md

    attachment #2: trace (application/zip) ─────────────────────────────────────────────────────────
    ../../../../../../tmp/nxttrack-v42-evidence/development-three-engine-browser-results/journey-rich-selection-lea-edef6-ation-reaches-every-segment-journey-firefox/trace.zip
    Usage:

        pnpm exec playwright show-trace ../../../../../../tmp/nxttrack-v42-evidence/development-three-engine-browser-results/journey-rich-selection-lea-edef6-ation-reaches-every-segment-journey-firefox/trace.zip

    ────────────────────────────────────────────────────────────────────────────────────────────────

  7) [journey-firefox] › tests/e2e/journey-rich.spec.ts:97:5 › badge moments remain separate from curriculum nodes, with a complete keyboard-accessible history 

    Error: browserType.launch: 
    ╔══════════════════════════════════════════════════════╗
    ║ Host system is missing dependencies to run browsers. ║
    ║ Please install them with the following command:      ║
    ║                                                      ║
    ║     sudo pnpm exec playwright install-deps           ║
    ║                                                      ║
    ║ Alternatively, use apt:                              ║
    ║     sudo apt-get install libxcursor1\                ║
    ║         libgtk-3-0t64\                               ║
    ║         libpangocairo-1.0-0\                         ║
    ║         libcairo-gobject2\                           ║
    ║         libgdk-pixbuf-2.0-0                          ║
    ║                                                      ║
    ║ <3 Playwright Team                                   ║
    ╚══════════════════════════════════════════════════════╝

    Error Context: ../../../../../../tmp/nxttrack-v42-evidence/development-three-engine-browser-results/journey-rich-badge-moments-f70f4-keyboard-accessible-history-journey-firefox/error-context.md

    attachment #2: trace (application/zip) ─────────────────────────────────────────────────────────
    ../../../../../../tmp/nxttrack-v42-evidence/development-three-engine-browser-results/journey-rich-badge-moments-f70f4-keyboard-accessible-history-journey-firefox/trace.zip
    Usage:

        pnpm exec playwright show-trace ../../../../../../tmp/nxttrack-v42-evidence/development-three-engine-browser-results/journey-rich-badge-moments-f70f4-keyboard-accessible-history-journey-firefox/trace.zip

    ────────────────────────────────────────────────────────────────────────────────────────────────

  8) [journey-webkit] › tests/e2e/journey-development.spec.ts:3:5 › development searches and restores filters, opens a focused dialog and keeps historical values distinct 

    Error: browserType.launch: 
    ╔══════════════════════════════════════════════════════╗
    ║ Host system is missing dependencies to run browsers. ║
    ║ Missing libraries:                                   ║
    ║     libgtk-4.so.1                                    ║
    ║     libpangocairo-1.0.so.0                           ║
    ║     libgdk_pixbuf-2.0.so.0                           ║
    ║     libcairo-gobject.so.2                            ║
    ║     libgraphene-1.0.so.0                             ║
    ║     liblcms2.so.2                                    ║
    ║     libevent-2.1.so.7                                ║
    ║     libopus.so.0                                     ║
    ║     libgstallocators-1.0.so.0                        ║
    ║     libgstapp-1.0.so.0                               ║
    ║     libgstpbutils-1.0.so.0                           ║
    ║     libgstaudio-1.0.so.0                             ║
    ║     libgsttag-1.0.so.0                               ║
    ║     libgstvideo-1.0.so.0                             ║
    ║     libgstgl-1.0.so.0                                ║
    ║     libgstcodecparsers-1.0.so.0                      ║
    ║     libgstfft-1.0.so.0                               ║
    ║     libflite.so.1                                    ║
    ║     libflite_usenglish.so.1                          ║
    ║     libflite_cmu_grapheme_lang.so.1                  ║
    ║     libflite_cmu_grapheme_lex.so.1                   ║
    ║     libflite_cmu_indic_lang.so.1                     ║
    ║     libflite_cmu_indic_lex.so.1                      ║
    ║     libflite_cmulex.so.1                             ║
    ║     libflite_cmu_time_awb.so.1                       ║
    ║     libflite_cmu_us_awb.so.1                         ║
    ║     libflite_cmu_us_kal16.so.1                       ║
    ║     libflite_cmu_us_kal.so.1                         ║
    ║     libflite_cmu_us_rms.so.1                         ║
    ║     libflite_cmu_us_slt.so.1                         ║
    ║     libwebpdemux.so.2                                ║
    ║     libavif.so.16                                    ║
    ║     libharfbuzz-icu.so.0                             ║
    ║     libepoxy.so.0                                    ║
    ║     libwebpmux.so.3                                  ║
    ║     libwayland-server.so.0                           ║
    ║     libwayland-egl.so.1                              ║
    ║     libwayland-client.so.0                           ║
    ║     libmanette-0.2.so.0                              ║
    ║     libenchant-2.so.2                                ║
    ║     libhyphen.so.0                                   ║
    ║     libsecret-1.so.0                                 ║
    ║     libwoff2dec.so.1.0.2                             ║
    ║     libGLESv2.so.2                                   ║
    ║     libx264.so                                       ║
    ╚══════════════════════════════════════════════════════╝

    Error Context: ../../../../../../tmp/nxttrack-v42-evidence/development-three-engine-browser-results/journey-development-develo-9f781--historical-values-distinct-journey-webkit/error-context.md

    attachment #2: trace (application/zip) ─────────────────────────────────────────────────────────
    ../../../../../../tmp/nxttrack-v42-evidence/development-three-engine-browser-results/journey-development-develo-9f781--historical-values-distinct-journey-webkit/trace.zip
    Usage:

        pnpm exec playwright show-trace ../../../../../../tmp/nxttrack-v42-evidence/development-three-engine-browser-results/journey-development-develo-9f781--historical-values-distinct-journey-webkit/trace.zip

    ────────────────────────────────────────────────────────────────────────────────────────────────

  9) [journey-webkit] › tests/e2e/journey-development.spec.ts:27:5 › development retains readable long labels and reachable details across seven viewports and enlarged text 

    Error: browserType.launch: 
    ╔══════════════════════════════════════════════════════╗
    ║ Host system is missing dependencies to run browsers. ║
    ║ Missing libraries:                                   ║
    ║     libgtk-4.so.1                                    ║
    ║     libpangocairo-1.0.so.0                           ║
    ║     libgdk_pixbuf-2.0.so.0                           ║
    ║     libcairo-gobject.so.2                            ║
    ║     libgraphene-1.0.so.0                             ║
    ║     liblcms2.so.2                                    ║
    ║     libevent-2.1.so.7                                ║
    ║     libopus.so.0                                     ║
    ║     libgstallocators-1.0.so.0                        ║
    ║     libgstapp-1.0.so.0                               ║
    ║     libgstpbutils-1.0.so.0                           ║
    ║     libgstaudio-1.0.so.0                             ║
    ║     libgsttag-1.0.so.0                               ║
    ║     libgstvideo-1.0.so.0                             ║
    ║     libgstgl-1.0.so.0                                ║
    ║     libgstcodecparsers-1.0.so.0                      ║
    ║     libgstfft-1.0.so.0                               ║
    ║     libflite.so.1                                    ║
    ║     libflite_usenglish.so.1                          ║
    ║     libflite_cmu_grapheme_lang.so.1                  ║
    ║     libflite_cmu_grapheme_lex.so.1                   ║
    ║     libflite_cmu_indic_lang.so.1                     ║
    ║     libflite_cmu_indic_lex.so.1                      ║
    ║     libflite_cmulex.so.1                             ║
    ║     libflite_cmu_time_awb.so.1                       ║
    ║     libflite_cmu_us_awb.so.1                         ║
    ║     libflite_cmu_us_kal16.so.1                       ║
    ║     libflite_cmu_us_kal.so.1                         ║
    ║     libflite_cmu_us_rms.so.1                         ║
    ║     libflite_cmu_us_slt.so.1                         ║
    ║     libwebpdemux.so.2                                ║
    ║     libavif.so.16                                    ║
    ║     libharfbuzz-icu.so.0                             ║
    ║     libepoxy.so.0                                    ║
    ║     libwebpmux.so.3                                  ║
    ║     libwayland-server.so.0                           ║
    ║     libwayland-egl.so.1                              ║
    ║     libwayland-client.so.0                           ║
    ║     libmanette-0.2.so.0                              ║
    ║     libenchant-2.so.2                                ║
    ║     libhyphen.so.0                                   ║
    ║     libsecret-1.so.0                                 ║
    ║     libwoff2dec.so.1.0.2                             ║
    ║     libGLESv2.so.2                                   ║
    ║     libx264.so                                       ║
    ╚══════════════════════════════════════════════════════╝

    Error Context: ../../../../../../tmp/nxttrack-v42-evidence/development-three-engine-browser-results/journey-development-develo-12fe4-viewports-and-enlarged-text-journey-webkit/error-context.md

    attachment #2: trace (application/zip) ─────────────────────────────────────────────────────────
    ../../../../../../tmp/nxttrack-v42-evidence/development-three-engine-browser-results/journey-development-develo-12fe4-viewports-and-enlarged-text-journey-webkit/trace.zip
    Usage:

        pnpm exec playwright show-trace ../../../../../../tmp/nxttrack-v42-evidence/development-three-engine-browser-results/journey-development-develo-12fe4-viewports-and-enlarged-text-journey-webkit/trace.zip

    ────────────────────────────────────────────────────────────────────────────────────────────────

  10) [journey-webkit] › tests/e2e/journey-rich.spec.ts:10:5 › rich scene keeps every node reachable with a closed initial detail and neutral pearls 

    Error: browserType.launch: 
    ╔══════════════════════════════════════════════════════╗
    ║ Host system is missing dependencies to run browsers. ║
    ║ Missing libraries:                                   ║
    ║     libgtk-4.so.1                                    ║
    ║     libpangocairo-1.0.so.0                           ║
    ║     libgdk_pixbuf-2.0.so.0                           ║
    ║     libcairo-gobject.so.2                            ║
    ║     libgraphene-1.0.so.0                             ║
    ║     liblcms2.so.2                                    ║
    ║     libevent-2.1.so.7                                ║
    ║     libopus.so.0                                     ║
    ║     libgstallocators-1.0.so.0                        ║
    ║     libgstapp-1.0.so.0                               ║
    ║     libgstpbutils-1.0.so.0                           ║
    ║     libgstaudio-1.0.so.0                             ║
    ║     libgsttag-1.0.so.0                               ║
    ║     libgstvideo-1.0.so.0                             ║
    ║     libgstgl-1.0.so.0                                ║
    ║     libgstcodecparsers-1.0.so.0                      ║
    ║     libgstfft-1.0.so.0                               ║
    ║     libflite.so.1                                    ║
    ║     libflite_usenglish.so.1                          ║
    ║     libflite_cmu_grapheme_lang.so.1                  ║
    ║     libflite_cmu_grapheme_lex.so.1                   ║
    ║     libflite_cmu_indic_lang.so.1                     ║
    ║     libflite_cmu_indic_lex.so.1                      ║
    ║     libflite_cmulex.so.1                             ║
    ║     libflite_cmu_time_awb.so.1                       ║
    ║     libflite_cmu_us_awb.so.1                         ║
    ║     libflite_cmu_us_kal16.so.1                       ║
    ║     libflite_cmu_us_kal.so.1                         ║
    ║     libflite_cmu_us_rms.so.1                         ║
    ║     libflite_cmu_us_slt.so.1                         ║
    ║     libwebpdemux.so.2                                ║
    ║     libavif.so.16                                    ║
    ║     libharfbuzz-icu.so.0                             ║
    ║     libepoxy.so.0                                    ║
    ║     libwebpmux.so.3                                  ║
    ║     libwayland-server.so.0                           ║
    ║     libwayland-egl.so.1                              ║
    ║     libwayland-client.so.0                           ║
    ║     libmanette-0.2.so.0                              ║
    ║     libenchant-2.so.2                                ║
    ║     libhyphen.so.0                                   ║
    ║     libsecret-1.so.0                                 ║
    ║     libwoff2dec.so.1.0.2                             ║
    ║     libGLESv2.so.2                                   ║
    ║     libx264.so                                       ║
    ╚══════════════════════════════════════════════════════╝

    Error Context: ../../../../../../tmp/nxttrack-v42-evidence/development-three-engine-browser-results/journey-rich-rich-scene-ke-fc6ad-l-detail-and-neutral-pearls-journey-webkit/error-context.md

    attachment #2: trace (application/zip) ─────────────────────────────────────────────────────────
    ../../../../../../tmp/nxttrack-v42-evidence/development-three-engine-browser-results/journey-rich-rich-scene-ke-fc6ad-l-detail-and-neutral-pearls-journey-webkit/trace.zip
    Usage:

        pnpm exec playwright show-trace ../../../../../../tmp/nxttrack-v42-evidence/development-three-engine-browser-results/journey-rich-rich-scene-ke-fc6ad-l-detail-and-neutral-pearls-journey-webkit/trace.zip

    ────────────────────────────────────────────────────────────────────────────────────────────────

  11) [journey-webkit] › tests/e2e/journey-rich.spec.ts:31:5 › rich scene separates orientation, maintains camera on refresh and suppresses clicks after drag 

    Error: browserType.launch: 
    ╔══════════════════════════════════════════════════════╗
    ║ Host system is missing dependencies to run browsers. ║
    ║ Missing libraries:                                   ║
    ║     libgtk-4.so.1                                    ║
    ║     libpangocairo-1.0.so.0                           ║
    ║     libgdk_pixbuf-2.0.so.0                           ║
    ║     libcairo-gobject.so.2                            ║
    ║     libgraphene-1.0.so.0                             ║
    ║     liblcms2.so.2                                    ║
    ║     libevent-2.1.so.7                                ║
    ║     libopus.so.0                                     ║
    ║     libgstallocators-1.0.so.0                        ║
    ║     libgstapp-1.0.so.0                               ║
    ║     libgstpbutils-1.0.so.0                           ║
    ║     libgstaudio-1.0.so.0                             ║
    ║     libgsttag-1.0.so.0                               ║
    ║     libgstvideo-1.0.so.0                             ║
    ║     libgstgl-1.0.so.0                                ║
    ║     libgstcodecparsers-1.0.so.0                      ║
    ║     libgstfft-1.0.so.0                               ║
    ║     libflite.so.1                                    ║
    ║     libflite_usenglish.so.1                          ║
    ║     libflite_cmu_grapheme_lang.so.1                  ║
    ║     libflite_cmu_grapheme_lex.so.1                   ║
    ║     libflite_cmu_indic_lang.so.1                     ║
    ║     libflite_cmu_indic_lex.so.1                      ║
    ║     libflite_cmulex.so.1                             ║
    ║     libflite_cmu_time_awb.so.1                       ║
    ║     libflite_cmu_us_awb.so.1                         ║
    ║     libflite_cmu_us_kal16.so.1                       ║
    ║     libflite_cmu_us_kal.so.1                         ║
    ║     libflite_cmu_us_rms.so.1                         ║
    ║     libflite_cmu_us_slt.so.1                         ║
    ║     libwebpdemux.so.2                                ║
    ║     libavif.so.16                                    ║
    ║     libharfbuzz-icu.so.0                             ║
    ║     libepoxy.so.0                                    ║
    ║     libwebpmux.so.3                                  ║
    ║     libwayland-server.so.0                           ║
    ║     libwayland-egl.so.1                              ║
    ║     libwayland-client.so.0                           ║
    ║     libmanette-0.2.so.0                              ║
    ║     libenchant-2.so.2                                ║
    ║     libhyphen.so.0                                   ║
    ║     libsecret-1.so.0                                 ║
    ║     libwoff2dec.so.1.0.2                             ║
    ║     libGLESv2.so.2                                   ║
    ║     libx264.so                                       ║
    ╚══════════════════════════════════════════════════════╝

    Error Context: ../../../../../../tmp/nxttrack-v42-evidence/development-three-engine-browser-results/journey-rich-rich-scene-se-0d613-uppresses-clicks-after-drag-journey-webkit/error-context.md

    attachment #2: trace (application/zip) ─────────────────────────────────────────────────────────
    ../../../../../../tmp/nxttrack-v42-evidence/development-three-engine-browser-results/journey-rich-rich-scene-se-0d613-uppresses-clicks-after-drag-journey-webkit/trace.zip
    Usage:

        pnpm exec playwright show-trace ../../../../../../tmp/nxttrack-v42-evidence/development-three-engine-browser-results/journey-rich-rich-scene-se-0d613-uppresses-clicks-after-drag-journey-webkit/trace.zip

    ────────────────────────────────────────────────────────────────────────────────────────────────

  12) [journey-webkit] › tests/e2e/journey-rich.spec.ts:58:5 › rich Default fixture has all six distinct world identities and a readable compact progress pod 

    Error: browserType.launch: 
    ╔══════════════════════════════════════════════════════╗
    ║ Host system is missing dependencies to run browsers. ║
    ║ Missing libraries:                                   ║
    ║     libgtk-4.so.1                                    ║
    ║     libpangocairo-1.0.so.0                           ║
    ║     libgdk_pixbuf-2.0.so.0                           ║
    ║     libcairo-gobject.so.2                            ║
    ║     libgraphene-1.0.so.0                             ║
    ║     liblcms2.so.2                                    ║
    ║     libevent-2.1.so.7                                ║
    ║     libopus.so.0                                     ║
    ║     libgstallocators-1.0.so.0                        ║
    ║     libgstapp-1.0.so.0                               ║
    ║     libgstpbutils-1.0.so.0                           ║
    ║     libgstaudio-1.0.so.0                             ║
    ║     libgsttag-1.0.so.0                               ║
    ║     libgstvideo-1.0.so.0                             ║
    ║     libgstgl-1.0.so.0                                ║
    ║     libgstcodecparsers-1.0.so.0                      ║
    ║     libgstfft-1.0.so.0                               ║
    ║     libflite.so.1                                    ║
    ║     libflite_usenglish.so.1                          ║
    ║     libflite_cmu_grapheme_lang.so.1                  ║
    ║     libflite_cmu_grapheme_lex.so.1                   ║
    ║     libflite_cmu_indic_lang.so.1                     ║
    ║     libflite_cmu_indic_lex.so.1                      ║
    ║     libflite_cmulex.so.1                             ║
    ║     libflite_cmu_time_awb.so.1                       ║
    ║     libflite_cmu_us_awb.so.1                         ║
    ║     libflite_cmu_us_kal16.so.1                       ║
    ║     libflite_cmu_us_kal.so.1                         ║
    ║     libflite_cmu_us_rms.so.1                         ║
    ║     libflite_cmu_us_slt.so.1                         ║
    ║     libwebpdemux.so.2                                ║
    ║     libavif.so.16                                    ║
    ║     libharfbuzz-icu.so.0                             ║
    ║     libepoxy.so.0                                    ║
    ║     libwebpmux.so.3                                  ║
    ║     libwayland-server.so.0                           ║
    ║     libwayland-egl.so.1                              ║
    ║     libwayland-client.so.0                           ║
    ║     libmanette-0.2.so.0                              ║
    ║     libenchant-2.so.2                                ║
    ║     libhyphen.so.0                                   ║
    ║     libsecret-1.so.0                                 ║
    ║     libwoff2dec.so.1.0.2                             ║
    ║     libGLESv2.so.2                                   ║
    ║     libx264.so                                       ║
    ╚══════════════════════════════════════════════════════╝

    Error Context: ../../../../../../tmp/nxttrack-v42-evidence/development-three-engine-browser-results/journey-rich-rich-Default--cb0bb-adable-compact-progress-pod-journey-webkit/error-context.md

    attachment #2: trace (application/zip) ─────────────────────────────────────────────────────────
    ../../../../../../tmp/nxttrack-v42-evidence/development-three-engine-browser-results/journey-rich-rich-Default--cb0bb-adable-compact-progress-pod-journey-webkit/trace.zip
    Usage:

        pnpm exec playwright show-trace ../../../../../../tmp/nxttrack-v42-evidence/development-three-engine-browser-results/journey-rich-rich-Default--cb0bb-adable-compact-progress-pod-journey-webkit/trace.zip

    ────────────────────────────────────────────────────────────────────────────────────────────────

  13) [journey-webkit] › tests/e2e/journey-rich.spec.ts:83:5 › selection leaves the canonical current goal intact and keyboard navigation reaches every segment 

    Error: browserType.launch: 
    ╔══════════════════════════════════════════════════════╗
    ║ Host system is missing dependencies to run browsers. ║
    ║ Missing libraries:                                   ║
    ║     libgtk-4.so.1                                    ║
    ║     libpangocairo-1.0.so.0                           ║
    ║     libgdk_pixbuf-2.0.so.0                           ║
    ║     libcairo-gobject.so.2                            ║
    ║     libgraphene-1.0.so.0                             ║
    ║     liblcms2.so.2                                    ║
    ║     libevent-2.1.so.7                                ║
    ║     libopus.so.0                                     ║
    ║     libgstallocators-1.0.so.0                        ║
    ║     libgstapp-1.0.so.0                               ║
    ║     libgstpbutils-1.0.so.0                           ║
    ║     libgstaudio-1.0.so.0                             ║
    ║     libgsttag-1.0.so.0                               ║
    ║     libgstvideo-1.0.so.0                             ║
    ║     libgstgl-1.0.so.0                                ║
    ║     libgstcodecparsers-1.0.so.0                      ║
    ║     libgstfft-1.0.so.0                               ║
    ║     libflite.so.1                                    ║
    ║     libflite_usenglish.so.1                          ║
    ║     libflite_cmu_grapheme_lang.so.1                  ║
    ║     libflite_cmu_grapheme_lex.so.1                   ║
    ║     libflite_cmu_indic_lang.so.1                     ║
    ║     libflite_cmu_indic_lex.so.1                      ║
    ║     libflite_cmulex.so.1                             ║
    ║     libflite_cmu_time_awb.so.1                       ║
    ║     libflite_cmu_us_awb.so.1                         ║
    ║     libflite_cmu_us_kal16.so.1                       ║
    ║     libflite_cmu_us_kal.so.1                         ║
    ║     libflite_cmu_us_rms.so.1                         ║
    ║     libflite_cmu_us_slt.so.1                         ║
    ║     libwebpdemux.so.2                                ║
    ║     libavif.so.16                                    ║
    ║     libharfbuzz-icu.so.0                             ║
    ║     libepoxy.so.0                                    ║
    ║     libwebpmux.so.3                                  ║
    ║     libwayland-server.so.0                           ║
    ║     libwayland-egl.so.1                              ║
    ║     libwayland-client.so.0                           ║
    ║     libmanette-0.2.so.0                              ║
    ║     libenchant-2.so.2                                ║
    ║     libhyphen.so.0                                   ║
    ║     libsecret-1.so.0                                 ║
    ║     libwoff2dec.so.1.0.2                             ║
    ║     libGLESv2.so.2                                   ║
    ║     libx264.so                                       ║
    ╚══════════════════════════════════════════════════════╝

    Error Context: ../../../../../../tmp/nxttrack-v42-evidence/development-three-engine-browser-results/journey-rich-selection-lea-edef6-ation-reaches-every-segment-journey-webkit/error-context.md

    attachment #2: trace (application/zip) ─────────────────────────────────────────────────────────
    ../../../../../../tmp/nxttrack-v42-evidence/development-three-engine-browser-results/journey-rich-selection-lea-edef6-ation-reaches-every-segment-journey-webkit/trace.zip
    Usage:

        pnpm exec playwright show-trace ../../../../../../tmp/nxttrack-v42-evidence/development-three-engine-browser-results/journey-rich-selection-lea-edef6-ation-reaches-every-segment-journey-webkit/trace.zip

    ────────────────────────────────────────────────────────────────────────────────────────────────

  14) [journey-webkit] › tests/e2e/journey-rich.spec.ts:97:5 › badge moments remain separate from curriculum nodes, with a complete keyboard-accessible history 

    Error: browserType.launch: 
    ╔══════════════════════════════════════════════════════╗
    ║ Host system is missing dependencies to run browsers. ║
    ║ Missing libraries:                                   ║
    ║     libgtk-4.so.1                                    ║
    ║     libpangocairo-1.0.so.0                           ║
    ║     libgdk_pixbuf-2.0.so.0                           ║
    ║     libcairo-gobject.so.2                            ║
    ║     libgraphene-1.0.so.0                             ║
    ║     liblcms2.so.2                                    ║
    ║     libevent-2.1.so.7                                ║
    ║     libopus.so.0                                     ║
    ║     libgstallocators-1.0.so.0                        ║
    ║     libgstapp-1.0.so.0                               ║
    ║     libgstpbutils-1.0.so.0                           ║
    ║     libgstaudio-1.0.so.0                             ║
    ║     libgsttag-1.0.so.0                               ║
    ║     libgstvideo-1.0.so.0                             ║
    ║     libgstgl-1.0.so.0                                ║
    ║     libgstcodecparsers-1.0.so.0                      ║
    ║     libgstfft-1.0.so.0                               ║
    ║     libflite.so.1                                    ║
    ║     libflite_usenglish.so.1                          ║
    ║     libflite_cmu_grapheme_lang.so.1                  ║
    ║     libflite_cmu_grapheme_lex.so.1                   ║
    ║     libflite_cmu_indic_lang.so.1                     ║
    ║     libflite_cmu_indic_lex.so.1                      ║
    ║     libflite_cmulex.so.1                             ║
    ║     libflite_cmu_time_awb.so.1                       ║
    ║     libflite_cmu_us_awb.so.1                         ║
    ║     libflite_cmu_us_kal16.so.1                       ║
    ║     libflite_cmu_us_kal.so.1                         ║
    ║     libflite_cmu_us_rms.so.1                         ║
    ║     libflite_cmu_us_slt.so.1                         ║
    ║     libwebpdemux.so.2                                ║
    ║     libavif.so.16                                    ║
    ║     libharfbuzz-icu.so.0                             ║
    ║     libepoxy.so.0                                    ║
    ║     libwebpmux.so.3                                  ║
    ║     libwayland-server.so.0                           ║
    ║     libwayland-egl.so.1                              ║
    ║     libwayland-client.so.0                           ║
    ║     libmanette-0.2.so.0                              ║
    ║     libenchant-2.so.2                                ║
    ║     libhyphen.so.0                                   ║
    ║     libsecret-1.so.0                                 ║
    ║     libwoff2dec.so.1.0.2                             ║
    ║     libGLESv2.so.2                                   ║
    ║     libx264.so                                       ║
    ╚══════════════════════════════════════════════════════╝

    Error Context: ../../../../../../tmp/nxttrack-v42-evidence/development-three-engine-browser-results/journey-rich-badge-moments-f70f4-keyboard-accessible-history-journey-webkit/error-context.md

    attachment #2: trace (application/zip) ─────────────────────────────────────────────────────────
    ../../../../../../tmp/nxttrack-v42-evidence/development-three-engine-browser-results/journey-rich-badge-moments-f70f4-keyboard-accessible-history-journey-webkit/trace.zip
    Usage:

        pnpm exec playwright show-trace ../../../../../../tmp/nxttrack-v42-evidence/development-three-engine-browser-results/journey-rich-badge-moments-f70f4-keyboard-accessible-history-journey-webkit/trace.zip

    ────────────────────────────────────────────────────────────────────────────────────────────────

  14 failed
    [journey-firefox] › tests/e2e/journey-development.spec.ts:3:5 › development searches and restores filters, opens a focused dialog and keeps historical values distinct 
    [journey-firefox] › tests/e2e/journey-development.spec.ts:27:5 › development retains readable long labels and reachable details across seven viewports and enlarged text 
    [journey-firefox] › tests/e2e/journey-rich.spec.ts:10:5 › rich scene keeps every node reachable with a closed initial detail and neutral pearls 
    [journey-firefox] › tests/e2e/journey-rich.spec.ts:31:5 › rich scene separates orientation, maintains camera on refresh and suppresses clicks after drag 
    [journey-firefox] › tests/e2e/journey-rich.spec.ts:58:5 › rich Default fixture has all six distinct world identities and a readable compact progress pod 
    [journey-firefox] › tests/e2e/journey-rich.spec.ts:83:5 › selection leaves the canonical current goal intact and keyboard navigation reaches every segment 
    [journey-firefox] › tests/e2e/journey-rich.spec.ts:97:5 › badge moments remain separate from curriculum nodes, with a complete keyboard-accessible history 
    [journey-webkit] › tests/e2e/journey-development.spec.ts:3:5 › development searches and restores filters, opens a focused dialog and keeps historical values distinct 
    [journey-webkit] › tests/e2e/journey-development.spec.ts:27:5 › development retains readable long labels and reachable details across seven viewports and enlarged text 
    [journey-webkit] › tests/e2e/journey-rich.spec.ts:10:5 › rich scene keeps every node reachable with a closed initial detail and neutral pearls 
    [journey-webkit] › tests/e2e/journey-rich.spec.ts:31:5 › rich scene separates orientation, maintains camera on refresh and suppresses clicks after drag 
    [journey-webkit] › tests/e2e/journey-rich.spec.ts:58:5 › rich Default fixture has all six distinct world identities and a readable compact progress pod 
    [journey-webkit] › tests/e2e/journey-rich.spec.ts:83:5 › selection leaves the canonical current goal intact and keyboard navigation reaches every segment 
    [journey-webkit] › tests/e2e/journey-rich.spec.ts:97:5 › badge moments remain separate from curriculum nodes, with a complete keyboard-accessible history 
  7 passed (41.9s)
